+ clang --target=wasm32 -nostdlib -Wl,--no-entry -O0 -Wl,--export=app_main -o build/bad_import.wasm tests/bad_import.c
status=0 source=tests/bad_import.c
+ clang --target=wasm32 -nostdlib -Wl,--no-entry -O0 -Wl,--export=app_main -o build/custom_import.wasm tests/custom_import.c
status=0 source=tests/custom_import.c
+ clang --target=wasm32 -nostdlib -Wl,--no-entry -O0 -Wl,--export=app_main -o build/delay_once.wasm tests/delay_once.c
status=0 source=tests/delay_once.c
+ clang --target=wasm32 -nostdlib -Wl,--no-entry -O0 -Wl,--export=app_main -o build/empty_start.wasm tests/empty_start.c
status=0 source=tests/empty_start.c
+ clang --target=wasm32 -nostdlib -Wl,--no-entry -O0 -Wl,--export=app_main -o build/entry_args_mixed_scalar.wasm tests/entry_args_mixed_scalar.c
status=0 source=tests/entry_args_mixed_scalar.c
+ clang --target=wasm32 -nostdlib -Wl,--no-entry -O0 -Wl,--export=app_main -o build/get_time_once.wasm tests/get_time_once.c
status=0 source=tests/get_time_once.c
+ clang --target=wasm32 -nostdlib -Wl,--no-entry -O0 -Wl,--export=app_main -o build/queue_api.wasm tests/queue_api.c
status=0 source=tests/queue_api.c
+ clang --target=wasm32 -nostdlib -Wl,--no-entry -O0 -Wl,--export=app_main -o build/return_code.wasm tests/return_code.c
status=0 source=tests/return_code.c
+ clang --target=wasm32 -nostdlib -Wl,--no-entry -O0 -Wl,--export=app_main_f32 -Wl,--export=app_main_f64 -Wl,--export=app_main_i32 -Wl,--export=app_main_i64 -o build/return_values.wasm tests/return_values.c
status=0 source=tests/return_values.c
+ clang --target=wasm32 -nostdlib -Wl,--no-entry -O0 -Wl,--export=app_main -o build/simple_loop.wasm tests/simple_loop.c
status=0 source=tests/simple_loop.c
+ clang --target=wasm32 -nostdlib -Wl,--no-entry -O0 -Wl,--export=app_main -o build/snapshot_delay.wasm tests/snapshot_delay.c
status=0 source=tests/snapshot_delay.c
+ clang --target=wasm32 -nostdlib -Wl,--no-entry -O0 -Wl,--export=app_main -o build/snapshot_yield.wasm tests/snapshot_yield.c
status=0 source=tests/snapshot_yield.c
+ clang --target=wasm32 -nostdlib -Wl,--no-entry -O0 -Wl,--export=app_main -o build/spin_forever.wasm tests/spin_forever.c
status=0 source=tests/spin_forever.c
+ clang --target=wasm32-wasi -O0 -o build/wasi_exit.wasm tests/wasi_exit.c
status=0 source=tests/wasi_exit.c
+ clang --target=wasm32-wasi -O0 -o build/wasi_puts.wasm tests/wasi_puts.c
status=0 source=tests/wasi_puts.c
+ clang --target=wasm32-wasi -O0 -o build/wasi_task_loop.wasm tests/wasi_task_loop.c
status=0 source=tests/wasi_task_loop.c
+ clang --target=wasm32 -nostdlib -Wl,--no-entry -O0 -Wl,--export=app_main -o build/yield_once.wasm tests/yield_once.c
status=0 source=tests/yield_once.c
All WASM sources built successfully.
